A:\_PROJECT____\_MU___\ANTIHACKMU\MHP_ANTIHACK\SOURCE\HACKCLIENT\HACKCLIENT\RELEASE\CCRC32.OBJ
A:\_Project____\_MU___\AntiHackMU\MHP_AntiHack\Source\HackClient\HackClient\Release\CL.4352.read.1.tlog
A:\_Project____\_MU___\AntiHackMU\MHP_AntiHack\Source\HackClient\HackClient\Release\CL.4352.write.1.tlog
A:\_Project____\_MU___\AntiHackMU\MHP_AntiHack\Source\HackClient\HackClient\Release\CL.7648.read.1.tlog
A:\_Project____\_MU___\AntiHackMU\MHP_AntiHack\Source\HackClient\HackClient\Release\CL.7648.write.1.tlog
A:\_Project____\_MU___\AntiHackMU\MHP_AntiHack\Source\HackClient\HackClient\Release\cl.command.1.tlog
A:\_Project____\_MU___\AntiHackMU\MHP_AntiHack\Source\HackClient\HackClient\Release\CL.read.1.tlog
A:\_Project____\_MU___\AntiHackMU\MHP_AntiHack\Source\HackClient\HackClient\Release\CL.write.1.tlog
A:\_PROJECT____\_MU___\ANTIHACKMU\MHP_ANTIHACK\SOURCE\HACKCLIENT\HACKCLIENT\RELEASE\CONNECTION.OBJ
A:\_PROJECT____\_MU___\ANTIHACKMU\MHP_ANTIHACK\SOURCE\HACKCLIENT\HACKCLIENT\RELEASE\CRITICALSECTION.OBJ
A:\_PROJECT____\_MU___\ANTIHACKMU\MHP_ANTIHACK\SOURCE\HACKCLIENT\HACKCLIENT\RELEASE\DUMPCHECK.OBJ
A:\_PROJECT____\_MU___\ANTIHACKMU\MHP_ANTIHACK\SOURCE\HACKCLIENT\HACKCLIENT\RELEASE\EXECUTABLECHECK.OBJ
A:\_PROJECT____\_MU___\ANTIHACKMU\MHP_ANTIHACK\SOURCE\HACKCLIENT\HACKCLIENT\RELEASE\FILECHECK.OBJ
A:\_PROJECT____\_MU___\ANTIHACKMU\MHP_ANTIHACK\SOURCE\HACKCLIENT\HACKCLIENT\RELEASE\FILEMAPPINGCHECK.OBJ
A:\_PROJECT____\_MU___\ANTIHACKMU\MHP_ANTIHACK\SOURCE\HACKCLIENT\HACKCLIENT\RELEASE\FILEPROTECT.OBJ
A:\_PROJECT____\_MU___\ANTIHACKMU\MHP_ANTIHACK\SOURCE\HACKCLIENT\HACKCLIENT\RELEASE\HACKCHECK.OBJ
A:\_PROJECT____\_MU___\ANTIHACKMU\MHP_ANTIHACK\SOURCE\HACKCLIENT\HACKCLIENT\RELEASE\HACKCLIENT.OBJ
A:\_Project____\_MU___\AntiHackMU\MHP_AntiHack\Source\HackClient\HackClient\Release\HackClient.write.1.tlog
A:\_PROJECT____\_MU___\ANTIHACKMU\MHP_ANTIHACK\SOURCE\HACKCLIENT\HACKCLIENT\RELEASE\HACKCLIENT1.RES
A:\_PROJECT____\_MU___\ANTIHACKMU\MHP_ANTIHACK\SOURCE\HACKCLIENT\HACKCLIENT\RELEASE\HACKSERVERPROTOCOL.OBJ
A:\_PROJECT____\_MU___\ANTIHACKMU\MHP_ANTIHACK\SOURCE\HACKCLIENT\HACKCLIENT\RELEASE\LIBRARYCHECK.OBJ
A:\_Project____\_MU___\AntiHackMU\MHP_AntiHack\Source\HackClient\HackClient\Release\link.command.1.tlog
A:\_Project____\_MU___\AntiHackMU\MHP_AntiHack\Source\HackClient\HackClient\Release\link.read.1.tlog
A:\_Project____\_MU___\AntiHackMU\MHP_AntiHack\Source\HackClient\HackClient\Release\link.write.1.tlog
A:\_Project____\_MU___\AntiHackMU\MHP_AntiHack\Source\HackClient\HackClient\Release\link-cvtres.read.1.tlog
A:\_Project____\_MU___\AntiHackMU\MHP_AntiHack\Source\HackClient\HackClient\Release\link-cvtres.write.1.tlog
A:\_PROJECT____\_MU___\ANTIHACKMU\MHP_ANTIHACK\SOURCE\HACKCLIENT\HACKCLIENT\RELEASE\LISTMANAGER.OBJ
A:\_PROJECT____\_MU___\ANTIHACKMU\MHP_ANTIHACK\SOURCE\HACKCLIENT\HACKCLIENT\RELEASE\LOG.OBJ
A:\_PROJECT____\_MU___\ANTIHACKMU\MHP_ANTIHACK\SOURCE\HACKCLIENT\HACKCLIENT\RELEASE\MACROCHECK.OBJ
A:\_PROJECT____\_MU___\ANTIHACKMU\MHP_ANTIHACK\SOURCE\HACKCLIENT\HACKCLIENT\RELEASE\MESSAGE.OBJ
A:\_PROJECT____\_MU___\ANTIHACKMU\MHP_ANTIHACK\SOURCE\HACKCLIENT\HACKCLIENT\RELEASE\MHPCLIENT.DLL.INTERMEDIATE.MANIFEST
A:\_PROJECT____\_MU___\ANTIHACKMU\MHP_ANTIHACK\SOURCE\HACKCLIENT\HACKCLIENT\RELEASE\MHPCLIENT.PCH
A:\_Project____\_MU___\AntiHackMU\MHP_AntiHack\Source\HackClient\HackClient\Release\mt.command.1.tlog
A:\_Project____\_MU___\AntiHackMU\MHP_AntiHack\Source\HackClient\HackClient\Release\mt.read.1.tlog
A:\_Project____\_MU___\AntiHackMU\MHP_AntiHack\Source\HackClient\HackClient\Release\mt.write.1.tlog
A:\_PROJECT____\_MU___\ANTIHACKMU\MHP_ANTIHACK\SOURCE\HACKCLIENT\HACKCLIENT\RELEASE\PROCESSCHECK.OBJ
A:\_PROJECT____\_MU___\ANTIHACKMU\MHP_ANTIHACK\SOURCE\HACKCLIENT\HACKCLIENT\RELEASE\PROCESSMANAGER.OBJ
A:\_PROJECT____\_MU___\ANTIHACKMU\MHP_ANTIHACK\SOURCE\HACKCLIENT\HACKCLIENT\RELEASE\PROCESSQUERY.OBJ
A:\_PROJECT____\_MU___\ANTIHACKMU\MHP_ANTIHACK\SOURCE\HACKCLIENT\HACKCLIENT\RELEASE\PROTECT.OBJ
A:\_Project____\_MU___\AntiHackMU\MHP_AntiHack\Source\HackClient\HackClient\Release\rc.command.1.tlog
A:\_Project____\_MU___\AntiHackMU\MHP_AntiHack\Source\HackClient\HackClient\Release\rc.read.1.tlog
A:\_Project____\_MU___\AntiHackMU\MHP_AntiHack\Source\HackClient\HackClient\Release\rc.write.1.tlog
A:\_PROJECT____\_MU___\ANTIHACKMU\MHP_ANTIHACK\SOURCE\HACKCLIENT\HACKCLIENT\RELEASE\REGISTRYCHECK.OBJ
A:\_PROJECT____\_MU___\ANTIHACKMU\MHP_ANTIHACK\SOURCE\HACKCLIENT\HACKCLIENT\RELEASE\SIMPLEMODULES.OBJ
A:\_PROJECT____\_MU___\ANTIHACKMU\MHP_ANTIHACK\SOURCE\HACKCLIENT\HACKCLIENT\RELEASE\SPLASHSCREEN.OBJ
A:\_PROJECT____\_MU___\ANTIHACKMU\MHP_ANTIHACK\SOURCE\HACKCLIENT\HACKCLIENT\RELEASE\STDAFX.OBJ
A:\_PROJECT____\_MU___\ANTIHACKMU\MHP_ANTIHACK\SOURCE\HACKCLIENT\HACKCLIENT\RELEASE\THREADCHECK.OBJ
A:\_PROJECT____\_MU___\ANTIHACKMU\MHP_ANTIHACK\SOURCE\HACKCLIENT\HACKCLIENT\RELEASE\UTIL.OBJ
A:\_PROJECT____\_MU___\ANTIHACKMU\MHP_ANTIHACK\SOURCE\HACKCLIENT\HACKCLIENT\RELEASE\VC100.PDB
A:\_PROJECT____\_MU___\ANTIHACKMU\MHP_ANTIHACK\SOURCE\HACKCLIENT\HACKCLIENT\RELEASE\WINDOWCHECK.OBJ
A:\_PROJECT____\_MU___\ANTIHACKMU\MHP_ANTIHACK\SOURCE\RELEASE\MHPCLIENT.DLL
A:\_Project____\_MU___\AntiHackMU\MHP_AntiHack\Source\Release\MHPClient.exp
A:\_Project____\_MU___\AntiHackMU\MHP_AntiHack\Source\Release\MHPClient.lib
A:\_PROJECT____\_MU___\ANTIHACKMU\MHP_ANTIHACK\SOURCE\RELEASE\MHPCLIENT.MAP
A:\_PROJECT____\_MU___\ANTIHACKMU\MHP_ANTIHACK\SOURCE\RELEASE\MHPCLIENT.PDB
