A:\_PROJECT____\_MU___\ANTIHACKMU\MHP_ANTIHACK\SOURCE\DEBUG\GETCLIENTINFO.EXE
A:\_PROJECT____\_MU___\ANTIHACKMU\MHP_ANTIHACK\SOURCE\DEBUG\GETCLIENTINFO.ILK
A:\_PROJECT____\_MU___\ANTIHACKMU\MHP_ANTIHACK\SOURCE\DEBUG\GETCLIENTINFO.PDB
A:\_PROJECT____\_MU___\ANTIHACKMU\MHP_ANTIHACK\SOURCE\GETCLIENTINFO\GETCLIENTINFO\DEBUG\CCRC32.OBJ
A:\_PROJECT____\_MU___\ANTIHACKMU\MHP_ANTIHACK\SOURCE\GETCLIENTINFO\GETCLIENTINFO\DEBUG\GETCLIENTINFO.EXE.EMBED.MANIFEST
A:\_PROJECT____\_MU___\ANTIHACKMU\MHP_ANTIHACK\SOURCE\GETCLIENTINFO\GETCLIENTINFO\DEBUG\GETCLIENTINFO.EXE.EMBED.MANIFEST.RES
A:\_PROJECT____\_MU___\ANTIHACKMU\MHP_ANTIHACK\SOURCE\GETCLIENTINFO\GETCLIENTINFO\DEBUG\GETCLIENTINFO.EXE.INTERMEDIATE.MANIFEST
A:\_PROJECT____\_MU___\ANTIHACKMU\MHP_ANTIHACK\SOURCE\GETCLIENTINFO\GETCLIENTINFO\DEBUG\GETCLIENTINFO.OBJ
A:\_PROJECT____\_MU___\ANTIHACKMU\MHP_ANTIHACK\SOURCE\GETCLIENTINFO\GETCLIENTINFO\DEBUG\GETCLIENTINFO.PCH
A:\_PROJECT____\_MU___\ANTIHACKMU\MHP_ANTIHACK\SOURCE\GETCLIENTINFO\GETCLIENTINFO\DEBUG\GETMAININFO.RES
A:\_PROJECT____\_MU___\ANTIHACKMU\MHP_ANTIHACK\SOURCE\GETCLIENTINFO\GETCLIENTINFO\DEBUG\MEMSCRIPT.OBJ
A:\_PROJECT____\_MU___\ANTIHACKMU\MHP_ANTIHACK\SOURCE\GETCLIENTINFO\GETCLIENTINFO\DEBUG\MESSAGE.OBJ
A:\_PROJECT____\_MU___\ANTIHACKMU\MHP_ANTIHACK\SOURCE\GETCLIENTINFO\GETCLIENTINFO\DEBUG\STDAFX.OBJ
A:\_PROJECT____\_MU___\ANTIHACKMU\MHP_ANTIHACK\SOURCE\GETCLIENTINFO\GETCLIENTINFO\DEBUG\VC100.PDB
A:\_Project____\_MU___\AntiHackMU\TRONG.LIVE\Source\GetClientInfo\GetClientInfo\Debug\CCRC32.obj
A:\_Project____\_MU___\AntiHackMU\TRONG.LIVE\Source\GetClientInfo\GetClientInfo\Debug\cl.command.1.tlog
A:\_Project____\_MU___\AntiHackMU\TRONG.LIVE\Source\GetClientInfo\GetClientInfo\Debug\CL.read.1.tlog
A:\_Project____\_MU___\AntiHackMU\TRONG.LIVE\Source\GetClientInfo\GetClientInfo\Debug\CL.write.1.tlog
A:\_Project____\_MU___\AntiHackMU\TRONG.LIVE\Source\GetClientInfo\GetClientInfo\Debug\GetClientInfo.exe.embed.manifest
A:\_Project____\_MU___\AntiHackMU\TRONG.LIVE\Source\GetClientInfo\GetClientInfo\Debug\GetClientInfo.exe.embed.manifest.res
A:\_Project____\_MU___\AntiHackMU\TRONG.LIVE\Source\GetClientInfo\GetClientInfo\Debug\GetClientInfo.exe.intermediate.manifest
A:\_Project____\_MU___\AntiHackMU\TRONG.LIVE\Source\GetClientInfo\GetClientInfo\Debug\GetClientInfo.obj
A:\_Project____\_MU___\AntiHackMU\TRONG.LIVE\Source\GetClientInfo\GetClientInfo\Debug\GetClientInfo.pch
A:\_Project____\_MU___\AntiHackMU\TRONG.LIVE\Source\GetClientInfo\GetClientInfo\Debug\GetClientInfo.write.1.tlog
A:\_Project____\_MU___\AntiHackMU\TRONG.LIVE\Source\GetClientInfo\GetClientInfo\Debug\GetClientInfo_manifest.rc
A:\_Project____\_MU___\AntiHackMU\TRONG.LIVE\Source\GetClientInfo\GetClientInfo\Debug\GetMainInfo.res
A:\_Project____\_MU___\AntiHackMU\TRONG.LIVE\Source\GetClientInfo\GetClientInfo\Debug\link.command.1.tlog
A:\_Project____\_MU___\AntiHackMU\TRONG.LIVE\Source\GetClientInfo\GetClientInfo\Debug\link.read.1.tlog
A:\_Project____\_MU___\AntiHackMU\TRONG.LIVE\Source\GetClientInfo\GetClientInfo\Debug\link.write.1.tlog
A:\_Project____\_MU___\AntiHackMU\TRONG.LIVE\Source\GetClientInfo\GetClientInfo\Debug\link-cvtres.read.1.tlog
A:\_Project____\_MU___\AntiHackMU\TRONG.LIVE\Source\GetClientInfo\GetClientInfo\Debug\link-cvtres.write.1.tlog
A:\_Project____\_MU___\AntiHackMU\TRONG.LIVE\Source\GetClientInfo\GetClientInfo\Debug\MemScript.obj
A:\_Project____\_MU___\AntiHackMU\TRONG.LIVE\Source\GetClientInfo\GetClientInfo\Debug\Message.obj
A:\_Project____\_MU___\AntiHackMU\TRONG.LIVE\Source\GetClientInfo\GetClientInfo\Debug\mt.command.1.tlog
A:\_Project____\_MU___\AntiHackMU\TRONG.LIVE\Source\GetClientInfo\GetClientInfo\Debug\mt.read.1.tlog
A:\_Project____\_MU___\AntiHackMU\TRONG.LIVE\Source\GetClientInfo\GetClientInfo\Debug\mt.write.1.tlog
A:\_Project____\_MU___\AntiHackMU\TRONG.LIVE\Source\GetClientInfo\GetClientInfo\Debug\rc.command.1.tlog
A:\_Project____\_MU___\AntiHackMU\TRONG.LIVE\Source\GetClientInfo\GetClientInfo\Debug\rc.read.1.tlog
A:\_Project____\_MU___\AntiHackMU\TRONG.LIVE\Source\GetClientInfo\GetClientInfo\Debug\rc.write.1.tlog
A:\_Project____\_MU___\AntiHackMU\TRONG.LIVE\Source\GetClientInfo\GetClientInfo\Debug\stdafx.obj
A:\_Project____\_MU___\AntiHackMU\TRONG.LIVE\Source\GetClientInfo\GetClientInfo\Debug\vc100.idb
A:\_Project____\_MU___\AntiHackMU\TRONG.LIVE\Source\GetClientInfo\GetClientInfo\Debug\vc100.pdb
