A:\_PROJECT____\_MU___\_S6_EP3\VY\MUSOURCE\ANTIHACKMU\DEBUG\MHPCLIENT.DLL
A:\_Project____\_MU___\_s6_EP3\Vy\MuSource\AntiHackMU\Debug\MHPClient.exp
A:\_PROJECT____\_MU___\_S6_EP3\VY\MUSOURCE\ANTIHACKMU\DEBUG\MHPCLIENT.ILK
A:\_Project____\_MU___\_s6_EP3\Vy\MuSource\AntiHackMU\Debug\MHPClient.lib
A:\_PROJECT____\_MU___\_S6_EP3\VY\MUSOURCE\ANTIHACKMU\DEBUG\MHPCLIENT.PDB
A:\_PROJECT____\_MU___\_S6_EP3\VY\MUSOURCE\ANTIHACKMU\HACKCLIENT\HACKCLIENT\DEBUG\CCRC32.OBJ
A:\_PROJECT____\_MU___\_S6_EP3\VY\MUSOURCE\ANTIHACKMU\HACKCLIENT\HACKCLIENT\DEBUG\CONNECTION.OBJ
A:\_PROJECT____\_MU___\_S6_EP3\VY\MUSOURCE\ANTIHACKMU\HACKCLIENT\HACKCLIENT\DEBUG\CRITICALSECTION.OBJ
A:\_PROJECT____\_MU___\_S6_EP3\VY\MUSOURCE\ANTIHACKMU\HACKCLIENT\HACKCLIENT\DEBUG\DUMPCHECK.OBJ
A:\_PROJECT____\_MU___\_S6_EP3\VY\MUSOURCE\ANTIHACKMU\HACKCLIENT\HACKCLIENT\DEBUG\EXECUTABLECHECK.OBJ
A:\_PROJECT____\_MU___\_S6_EP3\VY\MUSOURCE\ANTIHACKMU\HACKCLIENT\HACKCLIENT\DEBUG\FILECHECK.OBJ
A:\_PROJECT____\_MU___\_S6_EP3\VY\MUSOURCE\ANTIHACKMU\HACKCLIENT\HACKCLIENT\DEBUG\FILEMAPPINGCHECK.OBJ
A:\_PROJECT____\_MU___\_S6_EP3\VY\MUSOURCE\ANTIHACKMU\HACKCLIENT\HACKCLIENT\DEBUG\FILEPROTECT.OBJ
A:\_PROJECT____\_MU___\_S6_EP3\VY\MUSOURCE\ANTIHACKMU\HACKCLIENT\HACKCLIENT\DEBUG\HACKCHECK.OBJ
A:\_PROJECT____\_MU___\_S6_EP3\VY\MUSOURCE\ANTIHACKMU\HACKCLIENT\HACKCLIENT\DEBUG\HACKCLIENT.OBJ
A:\_PROJECT____\_MU___\_S6_EP3\VY\MUSOURCE\ANTIHACKMU\HACKCLIENT\HACKCLIENT\DEBUG\HACKCLIENT1.RES
A:\_PROJECT____\_MU___\_S6_EP3\VY\MUSOURCE\ANTIHACKMU\HACKCLIENT\HACKCLIENT\DEBUG\HACKSERVERPROTOCOL.OBJ
A:\_PROJECT____\_MU___\_S6_EP3\VY\MUSOURCE\ANTIHACKMU\HACKCLIENT\HACKCLIENT\DEBUG\LIBRARYCHECK.OBJ
A:\_PROJECT____\_MU___\_S6_EP3\VY\MUSOURCE\ANTIHACKMU\HACKCLIENT\HACKCLIENT\DEBUG\LISTMANAGER.OBJ
A:\_PROJECT____\_MU___\_S6_EP3\VY\MUSOURCE\ANTIHACKMU\HACKCLIENT\HACKCLIENT\DEBUG\LOG.OBJ
A:\_PROJECT____\_MU___\_S6_EP3\VY\MUSOURCE\ANTIHACKMU\HACKCLIENT\HACKCLIENT\DEBUG\MACROCHECK.OBJ
A:\_PROJECT____\_MU___\_S6_EP3\VY\MUSOURCE\ANTIHACKMU\HACKCLIENT\HACKCLIENT\DEBUG\MESSAGE.OBJ
A:\_PROJECT____\_MU___\_S6_EP3\VY\MUSOURCE\ANTIHACKMU\HACKCLIENT\HACKCLIENT\DEBUG\MHPCLIENT.DLL.EMBED.MANIFEST
A:\_PROJECT____\_MU___\_S6_EP3\VY\MUSOURCE\ANTIHACKMU\HACKCLIENT\HACKCLIENT\DEBUG\MHPCLIENT.DLL.EMBED.MANIFEST.RES
A:\_PROJECT____\_MU___\_S6_EP3\VY\MUSOURCE\ANTIHACKMU\HACKCLIENT\HACKCLIENT\DEBUG\MHPCLIENT.DLL.INTERMEDIATE.MANIFEST
A:\_PROJECT____\_MU___\_S6_EP3\VY\MUSOURCE\ANTIHACKMU\HACKCLIENT\HACKCLIENT\DEBUG\MHPCLIENT.PCH
A:\_PROJECT____\_MU___\_S6_EP3\VY\MUSOURCE\ANTIHACKMU\HACKCLIENT\HACKCLIENT\DEBUG\PROCESSCHECK.OBJ
A:\_PROJECT____\_MU___\_S6_EP3\VY\MUSOURCE\ANTIHACKMU\HACKCLIENT\HACKCLIENT\DEBUG\PROCESSMANAGER.OBJ
A:\_PROJECT____\_MU___\_S6_EP3\VY\MUSOURCE\ANTIHACKMU\HACKCLIENT\HACKCLIENT\DEBUG\PROCESSQUERY.OBJ
A:\_PROJECT____\_MU___\_S6_EP3\VY\MUSOURCE\ANTIHACKMU\HACKCLIENT\HACKCLIENT\DEBUG\PROTECT.OBJ
A:\_PROJECT____\_MU___\_S6_EP3\VY\MUSOURCE\ANTIHACKMU\HACKCLIENT\HACKCLIENT\DEBUG\REGISTRYCHECK.OBJ
A:\_PROJECT____\_MU___\_S6_EP3\VY\MUSOURCE\ANTIHACKMU\HACKCLIENT\HACKCLIENT\DEBUG\SIMPLEMODULES.OBJ
A:\_PROJECT____\_MU___\_S6_EP3\VY\MUSOURCE\ANTIHACKMU\HACKCLIENT\HACKCLIENT\DEBUG\SPLASHSCREEN.OBJ
A:\_PROJECT____\_MU___\_S6_EP3\VY\MUSOURCE\ANTIHACKMU\HACKCLIENT\HACKCLIENT\DEBUG\STDAFX.OBJ
A:\_PROJECT____\_MU___\_S6_EP3\VY\MUSOURCE\ANTIHACKMU\HACKCLIENT\HACKCLIENT\DEBUG\THREADCHECK.OBJ
A:\_PROJECT____\_MU___\_S6_EP3\VY\MUSOURCE\ANTIHACKMU\HACKCLIENT\HACKCLIENT\DEBUG\UTIL.OBJ
A:\_PROJECT____\_MU___\_S6_EP3\VY\MUSOURCE\ANTIHACKMU\HACKCLIENT\HACKCLIENT\DEBUG\VC100.PDB
A:\_PROJECT____\_MU___\_S6_EP3\VY\MUSOURCE\ANTIHACKMU\HACKCLIENT\HACKCLIENT\DEBUG\WINDOWCHECK.OBJ
A:\_Project____\_MU___\AntiHackMU\Source\Debug\MHPClient.dll
A:\_Project____\_MU___\AntiHackMU\Source\Debug\MHPClient.ilk
A:\_Project____\_MU___\AntiHackMU\Source\Debug\MHPClient.pdb
A:\_Project____\_MU___\AntiHackMU\Source\HackClient\HackClient\Debug\CCRC32.obj
A:\_Project____\_MU___\AntiHackMU\Source\HackClient\HackClient\Debug\cl.command.1.tlog
A:\_Project____\_MU___\AntiHackMU\Source\HackClient\HackClient\Debug\CL.read.1.tlog
A:\_Project____\_MU___\AntiHackMU\Source\HackClient\HackClient\Debug\CL.write.1.tlog
A:\_Project____\_MU___\AntiHackMU\Source\HackClient\HackClient\Debug\Connection.obj
A:\_Project____\_MU___\AntiHackMU\Source\HackClient\HackClient\Debug\CriticalSection.obj
A:\_Project____\_MU___\AntiHackMU\Source\HackClient\HackClient\Debug\DumpCheck.obj
A:\_Project____\_MU___\AntiHackMU\Source\HackClient\HackClient\Debug\ExecutableCheck.obj
A:\_Project____\_MU___\AntiHackMU\Source\HackClient\HackClient\Debug\FileCheck.obj
A:\_Project____\_MU___\AntiHackMU\Source\HackClient\HackClient\Debug\FileMappingCheck.obj
A:\_Project____\_MU___\AntiHackMU\Source\HackClient\HackClient\Debug\FileProtect.obj
A:\_Project____\_MU___\AntiHackMU\Source\HackClient\HackClient\Debug\HackCheck.obj
A:\_Project____\_MU___\AntiHackMU\Source\HackClient\HackClient\Debug\HackClient.obj
A:\_Project____\_MU___\AntiHackMU\Source\HackClient\HackClient\Debug\HackClient.write.1.tlog
A:\_Project____\_MU___\AntiHackMU\Source\HackClient\HackClient\Debug\HackClient1.res
A:\_Project____\_MU___\AntiHackMU\Source\HackClient\HackClient\Debug\HackServerProtocol.obj
A:\_Project____\_MU___\AntiHackMU\Source\HackClient\HackClient\Debug\LibraryCheck.obj
A:\_Project____\_MU___\AntiHackMU\Source\HackClient\HackClient\Debug\link.command.1.tlog
A:\_Project____\_MU___\AntiHackMU\Source\HackClient\HackClient\Debug\link.read.1.tlog
A:\_Project____\_MU___\AntiHackMU\Source\HackClient\HackClient\Debug\link.write.1.tlog
A:\_Project____\_MU___\AntiHackMU\Source\HackClient\HackClient\Debug\link-cvtres.read.1.tlog
A:\_Project____\_MU___\AntiHackMU\Source\HackClient\HackClient\Debug\link-cvtres.write.1.tlog
A:\_Project____\_MU___\AntiHackMU\Source\HackClient\HackClient\Debug\ListManager.obj
A:\_Project____\_MU___\AntiHackMU\Source\HackClient\HackClient\Debug\Log.obj
A:\_Project____\_MU___\AntiHackMU\Source\HackClient\HackClient\Debug\MacroCheck.obj
A:\_Project____\_MU___\AntiHackMU\Source\HackClient\HackClient\Debug\Message.obj
A:\_Project____\_MU___\AntiHackMU\Source\HackClient\HackClient\Debug\MHPClient.dll.embed.manifest
A:\_Project____\_MU___\AntiHackMU\Source\HackClient\HackClient\Debug\MHPClient.dll.embed.manifest.res
A:\_Project____\_MU___\AntiHackMU\Source\HackClient\HackClient\Debug\MHPClient.dll.intermediate.manifest
A:\_Project____\_MU___\AntiHackMU\Source\HackClient\HackClient\Debug\MHPClient.pch
A:\_Project____\_MU___\AntiHackMU\Source\HackClient\HackClient\Debug\MHPClient_manifest.rc
A:\_Project____\_MU___\AntiHackMU\Source\HackClient\HackClient\Debug\mt.command.1.tlog
A:\_Project____\_MU___\AntiHackMU\Source\HackClient\HackClient\Debug\mt.read.1.tlog
A:\_Project____\_MU___\AntiHackMU\Source\HackClient\HackClient\Debug\mt.write.1.tlog
A:\_Project____\_MU___\AntiHackMU\Source\HackClient\HackClient\Debug\ProcessCheck.obj
A:\_Project____\_MU___\AntiHackMU\Source\HackClient\HackClient\Debug\ProcessManager.obj
A:\_Project____\_MU___\AntiHackMU\Source\HackClient\HackClient\Debug\ProcessQuery.obj
A:\_Project____\_MU___\AntiHackMU\Source\HackClient\HackClient\Debug\Protect.obj
A:\_Project____\_MU___\AntiHackMU\Source\HackClient\HackClient\Debug\rc.command.1.tlog
A:\_Project____\_MU___\AntiHackMU\Source\HackClient\HackClient\Debug\rc.read.1.tlog
A:\_Project____\_MU___\AntiHackMU\Source\HackClient\HackClient\Debug\rc.write.1.tlog
A:\_Project____\_MU___\AntiHackMU\Source\HackClient\HackClient\Debug\RegistryCheck.obj
A:\_Project____\_MU___\AntiHackMU\Source\HackClient\HackClient\Debug\SimpleModules.obj
A:\_Project____\_MU___\AntiHackMU\Source\HackClient\HackClient\Debug\SplashScreen.obj
A:\_Project____\_MU___\AntiHackMU\Source\HackClient\HackClient\Debug\stdafx.obj
A:\_Project____\_MU___\AntiHackMU\Source\HackClient\HackClient\Debug\ThreadCheck.obj
A:\_Project____\_MU___\AntiHackMU\Source\HackClient\HackClient\Debug\Util.obj
A:\_Project____\_MU___\AntiHackMU\Source\HackClient\HackClient\Debug\vc100.idb
A:\_Project____\_MU___\AntiHackMU\Source\HackClient\HackClient\Debug\vc100.pdb
A:\_Project____\_MU___\AntiHackMU\Source\HackClient\HackClient\Debug\WindowCheck.obj
