A:\_PROJECT____\_MU___\ANTIHACKMU\MHP_ANTIHACK\SOURCE\DEBUG\GETHARDWAREID.EXE
A:\_PROJECT____\_MU___\ANTIHACKMU\MHP_ANTIHACK\SOURCE\DEBUG\GETHARDWAREID.ILK
A:\_PROJECT____\_MU___\ANTIHACKMU\MHP_ANTIHACK\SOURCE\DEBUG\GETHARDWAREID.PDB
A:\_PROJECT____\_MU___\ANTIHACKMU\MHP_ANTIHACK\SOURCE\GETHARDWAREID\GETHARDWAREID\DEBUG\GETHARDWAREID.EXE.EMBED.MANIFEST
A:\_PROJECT____\_MU___\ANTIHACKMU\MHP_ANTIHACK\SOURCE\GETHARDWAREID\GETHARDWAREID\DEBUG\GETHARDWAREID.EXE.EMBED.MANIFEST.RES
A:\_PROJECT____\_MU___\ANTIHACKMU\MHP_ANTIHACK\SOURCE\GETHARDWAREID\GETHARDWAREID\DEBUG\GETHARDWAREID.EXE.INTERMEDIATE.MANIFEST
A:\_PROJECT____\_MU___\ANTIHACKMU\MHP_ANTIHACK\SOURCE\GETHARDWAREID\GETHARDWAREID\DEBUG\GETHARDWAREID.OBJ
A:\_PROJECT____\_MU___\ANTIHACKMU\MHP_ANTIHACK\SOURCE\GETHARDWAREID\GETHARDWAREID\DEBUG\GETHARDWAREID.PCH
A:\_PROJECT____\_MU___\ANTIHACKMU\MHP_ANTIHACK\SOURCE\GETHARDWAREID\GETHARDWAREID\DEBUG\STDAFX.OBJ
A:\_PROJECT____\_MU___\ANTIHACKMU\MHP_ANTIHACK\SOURCE\GETHARDWAREID\GETHARDWAREID\DEBUG\VC100.PDB
A:\_Project____\_MU___\AntiHackMU\TRONG.LIVE\Source\GetHardwareId\GetHardwareId\Debug\cl.command.1.tlog
A:\_Project____\_MU___\AntiHackMU\TRONG.LIVE\Source\GetHardwareId\GetHardwareId\Debug\CL.read.1.tlog
A:\_Project____\_MU___\AntiHackMU\TRONG.LIVE\Source\GetHardwareId\GetHardwareId\Debug\CL.write.1.tlog
A:\_Project____\_MU___\AntiHackMU\TRONG.LIVE\Source\GetHardwareId\GetHardwareId\Debug\GetHardwareId.exe.embed.manifest
A:\_Project____\_MU___\AntiHackMU\TRONG.LIVE\Source\GetHardwareId\GetHardwareId\Debug\GetHardwareId.exe.embed.manifest.res
A:\_Project____\_MU___\AntiHackMU\TRONG.LIVE\Source\GetHardwareId\GetHardwareId\Debug\GetHardwareId.exe.intermediate.manifest
A:\_Project____\_MU___\AntiHackMU\TRONG.LIVE\Source\GetHardwareId\GetHardwareId\Debug\GetHardwareId.obj
A:\_Project____\_MU___\AntiHackMU\TRONG.LIVE\Source\GetHardwareId\GetHardwareId\Debug\GetHardwareId.pch
A:\_Project____\_MU___\AntiHackMU\TRONG.LIVE\Source\GetHardwareId\GetHardwareId\Debug\GetHardwareId.vcxprojResolveAssemblyReference.cache
A:\_Project____\_MU___\AntiHackMU\TRONG.LIVE\Source\GetHardwareId\GetHardwareId\Debug\GetHardwareId.write.1.tlog
A:\_Project____\_MU___\AntiHackMU\TRONG.LIVE\Source\GetHardwareId\GetHardwareId\Debug\GetHardwareId_manifest.rc
A:\_Project____\_MU___\AntiHackMU\TRONG.LIVE\Source\GetHardwareId\GetHardwareId\Debug\link.15676.read.1.tlog
A:\_Project____\_MU___\AntiHackMU\TRONG.LIVE\Source\GetHardwareId\GetHardwareId\Debug\link.15676.write.1.tlog
A:\_Project____\_MU___\AntiHackMU\TRONG.LIVE\Source\GetHardwareId\GetHardwareId\Debug\link.15676-cvtres.read.1.tlog
A:\_Project____\_MU___\AntiHackMU\TRONG.LIVE\Source\GetHardwareId\GetHardwareId\Debug\link.15676-cvtres.write.1.tlog
A:\_Project____\_MU___\AntiHackMU\TRONG.LIVE\Source\GetHardwareId\GetHardwareId\Debug\link.command.1.tlog
A:\_Project____\_MU___\AntiHackMU\TRONG.LIVE\Source\GetHardwareId\GetHardwareId\Debug\link.read.1.tlog
A:\_Project____\_MU___\AntiHackMU\TRONG.LIVE\Source\GetHardwareId\GetHardwareId\Debug\link.write.1.tlog
A:\_Project____\_MU___\AntiHackMU\TRONG.LIVE\Source\GetHardwareId\GetHardwareId\Debug\link-cvtres.read.1.tlog
A:\_Project____\_MU___\AntiHackMU\TRONG.LIVE\Source\GetHardwareId\GetHardwareId\Debug\link-cvtres.write.1.tlog
A:\_Project____\_MU___\AntiHackMU\TRONG.LIVE\Source\GetHardwareId\GetHardwareId\Debug\mt.command.1.tlog
A:\_Project____\_MU___\AntiHackMU\TRONG.LIVE\Source\GetHardwareId\GetHardwareId\Debug\mt.read.1.tlog
A:\_Project____\_MU___\AntiHackMU\TRONG.LIVE\Source\GetHardwareId\GetHardwareId\Debug\mt.write.1.tlog
A:\_Project____\_MU___\AntiHackMU\TRONG.LIVE\Source\GetHardwareId\GetHardwareId\Debug\rc.command.1.tlog
A:\_Project____\_MU___\AntiHackMU\TRONG.LIVE\Source\GetHardwareId\GetHardwareId\Debug\rc.read.1.tlog
A:\_Project____\_MU___\AntiHackMU\TRONG.LIVE\Source\GetHardwareId\GetHardwareId\Debug\rc.write.1.tlog
A:\_Project____\_MU___\AntiHackMU\TRONG.LIVE\Source\GetHardwareId\GetHardwareId\Debug\stdafx.obj
A:\_Project____\_MU___\AntiHackMU\TRONG.LIVE\Source\GetHardwareId\GetHardwareId\Debug\vc100.idb
A:\_Project____\_MU___\AntiHackMU\TRONG.LIVE\Source\GetHardwareId\GetHardwareId\Debug\vc100.pdb
