A:\_PROJECT____\_MU___\MHP_ANTIHACK_FULLSOURCE\ANTIHACKSERVER\ANTIHACKSERVER.EXE
A:\_PROJECT____\_MU___\MHP_ANTIHACK_FULLSOURCE\ANTIHACKSERVER\ANTIHACKSERVER.MAP
A:\_PROJECT____\_MU___\MHP_ANTIHACK_FULLSOURCE\ANTIHACKSERVER\ANTIHACKSERVER.PDB
A:\_PROJECT____\_MU___\MHP_ANTIHACK_FULLSOURCE\SOURCE\HACKSERVER\HACKSERVER\RELEASE\ANTIHACKSERVER.EXE.INTERMEDIATE.MANIFEST
A:\_PROJECT____\_MU___\MHP_ANTIHACK_FULLSOURCE\SOURCE\HACKSERVER\HACKSERVER\RELEASE\ANTIHACKSERVER.PCH
A:\_PROJECT____\_MU___\MHP_ANTIHACK_FULLSOURCE\SOURCE\HACKSERVER\HACKSERVER\RELEASE\AUTHENTICATE.OBJ
A:\_PROJECT____\_MU___\MHP_ANTIHACK_FULLSOURCE\SOURCE\HACKSERVER\HACKSERVER\RELEASE\BLACKLIST.OBJ
A:\_PROJECT____\_MU___\MHP_ANTIHACK_FULLSOURCE\SOURCE\HACKSERVER\HACKSERVER\RELEASE\CCRC32.OBJ
A:\_Project____\_MU___\MHP_AntiHack_FullSource\Source\HackServer\HackServer\Release\CL.14772.read.1.tlog
A:\_Project____\_MU___\MHP_AntiHack_FullSource\Source\HackServer\HackServer\Release\CL.14772.write.1.tlog
A:\_Project____\_MU___\MHP_AntiHack_FullSource\Source\HackServer\HackServer\Release\CL.6856.read.1.tlog
A:\_Project____\_MU___\MHP_AntiHack_FullSource\Source\HackServer\HackServer\Release\CL.6856.write.1.tlog
A:\_Project____\_MU___\MHP_AntiHack_FullSource\Source\HackServer\HackServer\Release\cl.command.1.tlog
A:\_Project____\_MU___\MHP_AntiHack_FullSource\Source\HackServer\HackServer\Release\CL.read.1.tlog
A:\_Project____\_MU___\MHP_AntiHack_FullSource\Source\HackServer\HackServer\Release\CL.write.1.tlog
A:\_PROJECT____\_MU___\MHP_ANTIHACK_FULLSOURCE\SOURCE\HACKSERVER\HACKSERVER\RELEASE\CLIENTMANAGER.OBJ
A:\_PROJECT____\_MU___\MHP_ANTIHACK_FULLSOURCE\SOURCE\HACKSERVER\HACKSERVER\RELEASE\CRITICALSECTION.OBJ
A:\_PROJECT____\_MU___\MHP_ANTIHACK_FULLSOURCE\SOURCE\HACKSERVER\HACKSERVER\RELEASE\FILEDOWNLOADHTTP.OBJ
A:\_PROJECT____\_MU___\MHP_ANTIHACK_FULLSOURCE\SOURCE\HACKSERVER\HACKSERVER\RELEASE\FILEDOWNLOADURL.OBJ
A:\_PROJECT____\_MU___\MHP_ANTIHACK_FULLSOURCE\SOURCE\HACKSERVER\HACKSERVER\RELEASE\HACKSERVER.OBJ
A:\_PROJECT____\_MU___\MHP_ANTIHACK_FULLSOURCE\SOURCE\HACKSERVER\HACKSERVER\RELEASE\HACKSERVER.RES
A:\_Project____\_MU___\MHP_AntiHack_FullSource\Source\HackServer\HackServer\Release\HackServer.write.1.tlog
A:\_PROJECT____\_MU___\MHP_ANTIHACK_FULLSOURCE\SOURCE\HACKSERVER\HACKSERVER\RELEASE\HACKSERVERPROTOCOL.OBJ
A:\_PROJECT____\_MU___\MHP_ANTIHACK_FULLSOURCE\SOURCE\HACKSERVER\HACKSERVER\RELEASE\HIDMANAGER.OBJ
A:\_PROJECT____\_MU___\MHP_ANTIHACK_FULLSOURCE\SOURCE\HACKSERVER\HACKSERVER\RELEASE\IPMANAGER.OBJ
A:\_Project____\_MU___\MHP_AntiHack_FullSource\Source\HackServer\HackServer\Release\link.command.1.tlog
A:\_Project____\_MU___\MHP_AntiHack_FullSource\Source\HackServer\HackServer\Release\link.read.1.tlog
A:\_Project____\_MU___\MHP_AntiHack_FullSource\Source\HackServer\HackServer\Release\link.write.1.tlog
A:\_Project____\_MU___\MHP_AntiHack_FullSource\Source\HackServer\HackServer\Release\link-cvtres.read.1.tlog
A:\_Project____\_MU___\MHP_AntiHack_FullSource\Source\HackServer\HackServer\Release\link-cvtres.write.1.tlog
A:\_PROJECT____\_MU___\MHP_ANTIHACK_FULLSOURCE\SOURCE\HACKSERVER\HACKSERVER\RELEASE\LOG.OBJ
A:\_PROJECT____\_MU___\MHP_ANTIHACK_FULLSOURCE\SOURCE\HACKSERVER\HACKSERVER\RELEASE\MEMSCRIPT.OBJ
A:\_PROJECT____\_MU___\MHP_ANTIHACK_FULLSOURCE\SOURCE\HACKSERVER\HACKSERVER\RELEASE\MINIDUMP.OBJ
A:\_Project____\_MU___\MHP_AntiHack_FullSource\Source\HackServer\HackServer\Release\mt.command.1.tlog
A:\_Project____\_MU___\MHP_AntiHack_FullSource\Source\HackServer\HackServer\Release\mt.read.1.tlog
A:\_Project____\_MU___\MHP_AntiHack_FullSource\Source\HackServer\HackServer\Release\mt.write.1.tlog
A:\_PROJECT____\_MU___\MHP_ANTIHACK_FULLSOURCE\SOURCE\HACKSERVER\HACKSERVER\RELEASE\PROCESSMANAGER.OBJ
A:\_PROJECT____\_MU___\MHP_ANTIHACK_FULLSOURCE\SOURCE\HACKSERVER\HACKSERVER\RELEASE\QUEUE.OBJ
A:\_Project____\_MU___\MHP_AntiHack_FullSource\Source\HackServer\HackServer\Release\rc.command.1.tlog
A:\_Project____\_MU___\MHP_AntiHack_FullSource\Source\HackServer\HackServer\Release\rc.read.1.tlog
A:\_Project____\_MU___\MHP_AntiHack_FullSource\Source\HackServer\HackServer\Release\rc.write.1.tlog
A:\_PROJECT____\_MU___\MHP_ANTIHACK_FULLSOURCE\SOURCE\HACKSERVER\HACKSERVER\RELEASE\READFILES.OBJ
A:\_PROJECT____\_MU___\MHP_ANTIHACK_FULLSOURCE\SOURCE\HACKSERVER\HACKSERVER\RELEASE\SERVERDISPLAYER.OBJ
A:\_PROJECT____\_MU___\MHP_ANTIHACK_FULLSOURCE\SOURCE\HACKSERVER\HACKSERVER\RELEASE\SERVERINFO.OBJ
A:\_PROJECT____\_MU___\MHP_ANTIHACK_FULLSOURCE\SOURCE\HACKSERVER\HACKSERVER\RELEASE\SOCKETMANAGER.OBJ
A:\_PROJECT____\_MU___\MHP_ANTIHACK_FULLSOURCE\SOURCE\HACKSERVER\HACKSERVER\RELEASE\STDAFX.OBJ
A:\_PROJECT____\_MU___\MHP_ANTIHACK_FULLSOURCE\SOURCE\HACKSERVER\HACKSERVER\RELEASE\UTIL.OBJ
A:\_PROJECT____\_MU___\MHP_ANTIHACK_FULLSOURCE\SOURCE\HACKSERVER\HACKSERVER\RELEASE\VC100.PDB
