A:\_PROJECT____\_MU___\ANTIHACKMU\MHP_ANTIHACK\SOURCE\DEBUG\HACKDETECT.DLL
A:\_PROJECT____\_MU___\ANTIHACKMU\MHP_ANTIHACK\SOURCE\DEBUG\HACKDETECT.ILK
A:\_PROJECT____\_MU___\ANTIHACKMU\MHP_ANTIHACK\SOURCE\DEBUG\HACKDETECT.PDB
A:\_PROJECT____\_MU___\ANTIHACKMU\MHP_ANTIHACK\SOURCE\HACKDETECT\HACKDETECT\DEBUG\HACKDETECT.DLL.EMBED.MANIFEST
A:\_PROJECT____\_MU___\ANTIHACKMU\MHP_ANTIHACK\SOURCE\HACKDETECT\HACKDETECT\DEBUG\HACKDETECT.DLL.EMBED.MANIFEST.RES
A:\_PROJECT____\_MU___\ANTIHACKMU\MHP_ANTIHACK\SOURCE\HACKDETECT\HACKDETECT\DEBUG\HACKDETECT.DLL.INTERMEDIATE.MANIFEST
A:\_PROJECT____\_MU___\ANTIHACKMU\MHP_ANTIHACK\SOURCE\HACKDETECT\HACKDETECT\DEBUG\HACKDETECT.OBJ
A:\_PROJECT____\_MU___\ANTIHACKMU\MHP_ANTIHACK\SOURCE\HACKDETECT\HACKDETECT\DEBUG\HACKDETECT.PCH
A:\_PROJECT____\_MU___\ANTIHACKMU\MHP_ANTIHACK\SOURCE\HACKDETECT\HACKDETECT\DEBUG\HACKDETECT.RES
A:\_PROJECT____\_MU___\ANTIHACKMU\MHP_ANTIHACK\SOURCE\HACKDETECT\HACKDETECT\DEBUG\STDAFX.OBJ
A:\_PROJECT____\_MU___\ANTIHACKMU\MHP_ANTIHACK\SOURCE\HACKDETECT\HACKDETECT\DEBUG\VC100.PDB
A:\_Project____\_MU___\AntiHackMU\TRONG.LIVE\Source\HackDetect\HackDetect\Debug\cl.command.1.tlog
A:\_Project____\_MU___\AntiHackMU\TRONG.LIVE\Source\HackDetect\HackDetect\Debug\CL.read.1.tlog
A:\_Project____\_MU___\AntiHackMU\TRONG.LIVE\Source\HackDetect\HackDetect\Debug\CL.write.1.tlog
A:\_Project____\_MU___\AntiHackMU\TRONG.LIVE\Source\HackDetect\HackDetect\Debug\HackDetect.dll.embed.manifest
A:\_Project____\_MU___\AntiHackMU\TRONG.LIVE\Source\HackDetect\HackDetect\Debug\HackDetect.dll.embed.manifest.res
A:\_Project____\_MU___\AntiHackMU\TRONG.LIVE\Source\HackDetect\HackDetect\Debug\HackDetect.dll.intermediate.manifest
A:\_Project____\_MU___\AntiHackMU\TRONG.LIVE\Source\HackDetect\HackDetect\Debug\HackDetect.obj
A:\_Project____\_MU___\AntiHackMU\TRONG.LIVE\Source\HackDetect\HackDetect\Debug\HackDetect.pch
A:\_Project____\_MU___\AntiHackMU\TRONG.LIVE\Source\HackDetect\HackDetect\Debug\HackDetect.res
A:\_Project____\_MU___\AntiHackMU\TRONG.LIVE\Source\HackDetect\HackDetect\Debug\HackDetect.write.1.tlog
A:\_Project____\_MU___\AntiHackMU\TRONG.LIVE\Source\HackDetect\HackDetect\Debug\HackDetect_manifest.rc
A:\_Project____\_MU___\AntiHackMU\TRONG.LIVE\Source\HackDetect\HackDetect\Debug\link.command.1.tlog
A:\_Project____\_MU___\AntiHackMU\TRONG.LIVE\Source\HackDetect\HackDetect\Debug\link.read.1.tlog
A:\_Project____\_MU___\AntiHackMU\TRONG.LIVE\Source\HackDetect\HackDetect\Debug\link.read.2.tlog
A:\_Project____\_MU___\AntiHackMU\TRONG.LIVE\Source\HackDetect\HackDetect\Debug\link.write.1.tlog
A:\_Project____\_MU___\AntiHackMU\TRONG.LIVE\Source\HackDetect\HackDetect\Debug\link-cvtres.read.1.tlog
A:\_Project____\_MU___\AntiHackMU\TRONG.LIVE\Source\HackDetect\HackDetect\Debug\link-cvtres.write.1.tlog
A:\_Project____\_MU___\AntiHackMU\TRONG.LIVE\Source\HackDetect\HackDetect\Debug\mt.command.1.tlog
A:\_Project____\_MU___\AntiHackMU\TRONG.LIVE\Source\HackDetect\HackDetect\Debug\mt.read.1.tlog
A:\_Project____\_MU___\AntiHackMU\TRONG.LIVE\Source\HackDetect\HackDetect\Debug\mt.write.1.tlog
A:\_Project____\_MU___\AntiHackMU\TRONG.LIVE\Source\HackDetect\HackDetect\Debug\rc.command.1.tlog
A:\_Project____\_MU___\AntiHackMU\TRONG.LIVE\Source\HackDetect\HackDetect\Debug\rc.read.1.tlog
A:\_Project____\_MU___\AntiHackMU\TRONG.LIVE\Source\HackDetect\HackDetect\Debug\rc.write.1.tlog
A:\_Project____\_MU___\AntiHackMU\TRONG.LIVE\Source\HackDetect\HackDetect\Debug\stdafx.obj
A:\_Project____\_MU___\AntiHackMU\TRONG.LIVE\Source\HackDetect\HackDetect\Debug\vc100.idb
A:\_Project____\_MU___\AntiHackMU\TRONG.LIVE\Source\HackDetect\HackDetect\Debug\vc100.pdb
