A:\_PROJECT____\_MU___\ANTIHACKMU\MHP_ANTIHACK\SOURCE\DEBUG\HACKSERVER.EXE
A:\_PROJECT____\_MU___\ANTIHACKMU\MHP_ANTIHACK\SOURCE\DEBUG\HACKSERVER.ILK
A:\_PROJECT____\_MU___\ANTIHACKMU\MHP_ANTIHACK\SOURCE\DEBUG\HACKSERVER.PDB
A:\_PROJECT____\_MU___\ANTIHACKMU\MHP_ANTIHACK\SOURCE\HACKSERVER\HACKSERVER\DEBUG\AUTHENTICATE.OBJ
A:\_PROJECT____\_MU___\ANTIHACKMU\MHP_ANTIHACK\SOURCE\HACKSERVER\HACKSERVER\DEBUG\BLACKLIST.OBJ
A:\_PROJECT____\_MU___\ANTIHACKMU\MHP_ANTIHACK\SOURCE\HACKSERVER\HACKSERVER\DEBUG\CCRC32.OBJ
A:\_PROJECT____\_MU___\ANTIHACKMU\MHP_ANTIHACK\SOURCE\HACKSERVER\HACKSERVER\DEBUG\CLIENTMANAGER.OBJ
A:\_PROJECT____\_MU___\ANTIHACKMU\MHP_ANTIHACK\SOURCE\HACKSERVER\HACKSERVER\DEBUG\CRITICALSECTION.OBJ
A:\_PROJECT____\_MU___\ANTIHACKMU\MHP_ANTIHACK\SOURCE\HACKSERVER\HACKSERVER\DEBUG\FILEDOWNLOADHTTP.OBJ
A:\_PROJECT____\_MU___\ANTIHACKMU\MHP_ANTIHACK\SOURCE\HACKSERVER\HACKSERVER\DEBUG\FILEDOWNLOADURL.OBJ
A:\_PROJECT____\_MU___\ANTIHACKMU\MHP_ANTIHACK\SOURCE\HACKSERVER\HACKSERVER\DEBUG\HACKSERVER.EXE.EMBED.MANIFEST
A:\_PROJECT____\_MU___\ANTIHACKMU\MHP_ANTIHACK\SOURCE\HACKSERVER\HACKSERVER\DEBUG\HACKSERVER.EXE.EMBED.MANIFEST.RES
A:\_PROJECT____\_MU___\ANTIHACKMU\MHP_ANTIHACK\SOURCE\HACKSERVER\HACKSERVER\DEBUG\HACKSERVER.EXE.INTERMEDIATE.MANIFEST
A:\_PROJECT____\_MU___\ANTIHACKMU\MHP_ANTIHACK\SOURCE\HACKSERVER\HACKSERVER\DEBUG\HACKSERVER.OBJ
A:\_PROJECT____\_MU___\ANTIHACKMU\MHP_ANTIHACK\SOURCE\HACKSERVER\HACKSERVER\DEBUG\HACKSERVER.PCH
A:\_PROJECT____\_MU___\ANTIHACKMU\MHP_ANTIHACK\SOURCE\HACKSERVER\HACKSERVER\DEBUG\HACKSERVER.RES
A:\_PROJECT____\_MU___\ANTIHACKMU\MHP_ANTIHACK\SOURCE\HACKSERVER\HACKSERVER\DEBUG\HACKSERVERPROTOCOL.OBJ
A:\_PROJECT____\_MU___\ANTIHACKMU\MHP_ANTIHACK\SOURCE\HACKSERVER\HACKSERVER\DEBUG\HIDMANAGER.OBJ
A:\_PROJECT____\_MU___\ANTIHACKMU\MHP_ANTIHACK\SOURCE\HACKSERVER\HACKSERVER\DEBUG\IPMANAGER.OBJ
A:\_PROJECT____\_MU___\ANTIHACKMU\MHP_ANTIHACK\SOURCE\HACKSERVER\HACKSERVER\DEBUG\LOG.OBJ
A:\_PROJECT____\_MU___\ANTIHACKMU\MHP_ANTIHACK\SOURCE\HACKSERVER\HACKSERVER\DEBUG\MEMSCRIPT.OBJ
A:\_PROJECT____\_MU___\ANTIHACKMU\MHP_ANTIHACK\SOURCE\HACKSERVER\HACKSERVER\DEBUG\MINIDUMP.OBJ
A:\_PROJECT____\_MU___\ANTIHACKMU\MHP_ANTIHACK\SOURCE\HACKSERVER\HACKSERVER\DEBUG\PROCESSMANAGER.OBJ
A:\_PROJECT____\_MU___\ANTIHACKMU\MHP_ANTIHACK\SOURCE\HACKSERVER\HACKSERVER\DEBUG\QUEUE.OBJ
A:\_PROJECT____\_MU___\ANTIHACKMU\MHP_ANTIHACK\SOURCE\HACKSERVER\HACKSERVER\DEBUG\READFILES.OBJ
A:\_PROJECT____\_MU___\ANTIHACKMU\MHP_ANTIHACK\SOURCE\HACKSERVER\HACKSERVER\DEBUG\SERVERDISPLAYER.OBJ
A:\_PROJECT____\_MU___\ANTIHACKMU\MHP_ANTIHACK\SOURCE\HACKSERVER\HACKSERVER\DEBUG\SERVERINFO.OBJ
A:\_PROJECT____\_MU___\ANTIHACKMU\MHP_ANTIHACK\SOURCE\HACKSERVER\HACKSERVER\DEBUG\SOCKETMANAGER.OBJ
A:\_PROJECT____\_MU___\ANTIHACKMU\MHP_ANTIHACK\SOURCE\HACKSERVER\HACKSERVER\DEBUG\STDAFX.OBJ
A:\_PROJECT____\_MU___\ANTIHACKMU\MHP_ANTIHACK\SOURCE\HACKSERVER\HACKSERVER\DEBUG\UTIL.OBJ
A:\_PROJECT____\_MU___\ANTIHACKMU\MHP_ANTIHACK\SOURCE\HACKSERVER\HACKSERVER\DEBUG\VC100.PDB
A:\_Project____\_MU___\AntiHackMU\TRONG.LIVE\Source\HackServer\HackServer\Debug\Authenticate.obj
A:\_Project____\_MU___\AntiHackMU\TRONG.LIVE\Source\HackServer\HackServer\Debug\BlackList.obj
A:\_Project____\_MU___\AntiHackMU\TRONG.LIVE\Source\HackServer\HackServer\Debug\CCRC32.obj
A:\_Project____\_MU___\AntiHackMU\TRONG.LIVE\Source\HackServer\HackServer\Debug\cl.command.1.tlog
A:\_Project____\_MU___\AntiHackMU\TRONG.LIVE\Source\HackServer\HackServer\Debug\CL.read.1.tlog
A:\_Project____\_MU___\AntiHackMU\TRONG.LIVE\Source\HackServer\HackServer\Debug\CL.write.1.tlog
A:\_Project____\_MU___\AntiHackMU\TRONG.LIVE\Source\HackServer\HackServer\Debug\ClientManager.obj
A:\_Project____\_MU___\AntiHackMU\TRONG.LIVE\Source\HackServer\HackServer\Debug\CriticalSection.obj
A:\_Project____\_MU___\AntiHackMU\TRONG.LIVE\Source\HackServer\HackServer\Debug\FileDownloadHTTP.obj
A:\_Project____\_MU___\AntiHackMU\TRONG.LIVE\Source\HackServer\HackServer\Debug\FileDownloadURL.obj
A:\_Project____\_MU___\AntiHackMU\TRONG.LIVE\Source\HackServer\HackServer\Debug\HackServer.exe.embed.manifest
A:\_Project____\_MU___\AntiHackMU\TRONG.LIVE\Source\HackServer\HackServer\Debug\HackServer.exe.embed.manifest.res
A:\_Project____\_MU___\AntiHackMU\TRONG.LIVE\Source\HackServer\HackServer\Debug\HackServer.exe.intermediate.manifest
A:\_Project____\_MU___\AntiHackMU\TRONG.LIVE\Source\HackServer\HackServer\Debug\HackServer.obj
A:\_Project____\_MU___\AntiHackMU\TRONG.LIVE\Source\HackServer\HackServer\Debug\HackServer.pch
A:\_Project____\_MU___\AntiHackMU\TRONG.LIVE\Source\HackServer\HackServer\Debug\HackServer.res
A:\_Project____\_MU___\AntiHackMU\TRONG.LIVE\Source\HackServer\HackServer\Debug\HackServer.write.1.tlog
A:\_Project____\_MU___\AntiHackMU\TRONG.LIVE\Source\HackServer\HackServer\Debug\HackServer_manifest.rc
A:\_Project____\_MU___\AntiHackMU\TRONG.LIVE\Source\HackServer\HackServer\Debug\HackServerProtocol.obj
A:\_Project____\_MU___\AntiHackMU\TRONG.LIVE\Source\HackServer\HackServer\Debug\HidManager.obj
A:\_Project____\_MU___\AntiHackMU\TRONG.LIVE\Source\HackServer\HackServer\Debug\IpManager.obj
A:\_Project____\_MU___\AntiHackMU\TRONG.LIVE\Source\HackServer\HackServer\Debug\link.command.1.tlog
A:\_Project____\_MU___\AntiHackMU\TRONG.LIVE\Source\HackServer\HackServer\Debug\link.read.1.tlog
A:\_Project____\_MU___\AntiHackMU\TRONG.LIVE\Source\HackServer\HackServer\Debug\link.write.1.tlog
A:\_Project____\_MU___\AntiHackMU\TRONG.LIVE\Source\HackServer\HackServer\Debug\link-cvtres.read.1.tlog
A:\_Project____\_MU___\AntiHackMU\TRONG.LIVE\Source\HackServer\HackServer\Debug\link-cvtres.write.1.tlog
A:\_Project____\_MU___\AntiHackMU\TRONG.LIVE\Source\HackServer\HackServer\Debug\Log.obj
A:\_Project____\_MU___\AntiHackMU\TRONG.LIVE\Source\HackServer\HackServer\Debug\MemScript.obj
A:\_Project____\_MU___\AntiHackMU\TRONG.LIVE\Source\HackServer\HackServer\Debug\MiniDump.obj
A:\_Project____\_MU___\AntiHackMU\TRONG.LIVE\Source\HackServer\HackServer\Debug\mt.command.1.tlog
A:\_Project____\_MU___\AntiHackMU\TRONG.LIVE\Source\HackServer\HackServer\Debug\mt.read.1.tlog
A:\_Project____\_MU___\AntiHackMU\TRONG.LIVE\Source\HackServer\HackServer\Debug\mt.write.1.tlog
A:\_Project____\_MU___\AntiHackMU\TRONG.LIVE\Source\HackServer\HackServer\Debug\ProcessManager.obj
A:\_Project____\_MU___\AntiHackMU\TRONG.LIVE\Source\HackServer\HackServer\Debug\Queue.obj
A:\_Project____\_MU___\AntiHackMU\TRONG.LIVE\Source\HackServer\HackServer\Debug\rc.command.1.tlog
A:\_Project____\_MU___\AntiHackMU\TRONG.LIVE\Source\HackServer\HackServer\Debug\rc.read.1.tlog
A:\_Project____\_MU___\AntiHackMU\TRONG.LIVE\Source\HackServer\HackServer\Debug\rc.write.1.tlog
A:\_Project____\_MU___\AntiHackMU\TRONG.LIVE\Source\HackServer\HackServer\Debug\ReadFiles.obj
A:\_Project____\_MU___\AntiHackMU\TRONG.LIVE\Source\HackServer\HackServer\Debug\ServerDisplayer.obj
A:\_Project____\_MU___\AntiHackMU\TRONG.LIVE\Source\HackServer\HackServer\Debug\ServerInfo.obj
A:\_Project____\_MU___\AntiHackMU\TRONG.LIVE\Source\HackServer\HackServer\Debug\SocketManager.obj
A:\_Project____\_MU___\AntiHackMU\TRONG.LIVE\Source\HackServer\HackServer\Debug\stdafx.obj
A:\_Project____\_MU___\AntiHackMU\TRONG.LIVE\Source\HackServer\HackServer\Debug\Util.obj
A:\_Project____\_MU___\AntiHackMU\TRONG.LIVE\Source\HackServer\HackServer\Debug\vc100.idb
A:\_Project____\_MU___\AntiHackMU\TRONG.LIVE\Source\HackServer\HackServer\Debug\vc100.pdb
