A:\_PROJECT____\_MU___\ANTIHACKMU\MHP_ANTIHACK\SOURCE\DEBUG\ZVERIFY.DLL
A:\_PROJECT____\_MU___\ANTIHACKMU\MHP_ANTIHACK\SOURCE\DEBUG\ZVERIFY.ILK
A:\_PROJECT____\_MU___\ANTIHACKMU\MHP_ANTIHACK\SOURCE\DEBUG\ZVERIFY.PDB
A:\_PROJECT____\_MU___\ANTIHACKMU\MHP_ANTIHACK\SOURCE\HACKVERIFY\HACKVERIFY\DEBUG\HACKVERIFY.OBJ
A:\_PROJECT____\_MU___\ANTIHACKMU\MHP_ANTIHACK\SOURCE\HACKVERIFY\HACKVERIFY\DEBUG\HACKVERIFY.RES
A:\_PROJECT____\_MU___\ANTIHACKMU\MHP_ANTIHACK\SOURCE\HACKVERIFY\HACKVERIFY\DEBUG\STDAFX.OBJ
A:\_PROJECT____\_MU___\ANTIHACKMU\MHP_ANTIHACK\SOURCE\HACKVERIFY\HACKVERIFY\DEBUG\VC100.PDB
A:\_PROJECT____\_MU___\ANTIHACKMU\MHP_ANTIHACK\SOURCE\HACKVERIFY\HACKVERIFY\DEBUG\ZVERIFY.DLL.EMBED.MANIFEST
A:\_PROJECT____\_MU___\ANTIHACKMU\MHP_ANTIHACK\SOURCE\HACKVERIFY\HACKVERIFY\DEBUG\ZVERIFY.DLL.EMBED.MANIFEST.RES
A:\_PROJECT____\_MU___\ANTIHACKMU\MHP_ANTIHACK\SOURCE\HACKVERIFY\HACKVERIFY\DEBUG\ZVERIFY.DLL.INTERMEDIATE.MANIFEST
A:\_PROJECT____\_MU___\ANTIHACKMU\MHP_ANTIHACK\SOURCE\HACKVERIFY\HACKVERIFY\DEBUG\ZVERIFY.PCH
A:\_Project____\_MU___\AntiHackMU\TRONG.LIVE\Source\HackVerify\HackVerify\Debug\cl.command.1.tlog
A:\_Project____\_MU___\AntiHackMU\TRONG.LIVE\Source\HackVerify\HackVerify\Debug\CL.read.1.tlog
A:\_Project____\_MU___\AntiHackMU\TRONG.LIVE\Source\HackVerify\HackVerify\Debug\CL.write.1.tlog
A:\_Project____\_MU___\AntiHackMU\TRONG.LIVE\Source\HackVerify\HackVerify\Debug\HackVerify.obj
A:\_Project____\_MU___\AntiHackMU\TRONG.LIVE\Source\HackVerify\HackVerify\Debug\HackVerify.res
A:\_Project____\_MU___\AntiHackMU\TRONG.LIVE\Source\HackVerify\HackVerify\Debug\HackVerify.write.1.tlog
A:\_Project____\_MU___\AntiHackMU\TRONG.LIVE\Source\HackVerify\HackVerify\Debug\link.command.1.tlog
A:\_Project____\_MU___\AntiHackMU\TRONG.LIVE\Source\HackVerify\HackVerify\Debug\link.read.1.tlog
A:\_Project____\_MU___\AntiHackMU\TRONG.LIVE\Source\HackVerify\HackVerify\Debug\link.read.2.tlog
A:\_Project____\_MU___\AntiHackMU\TRONG.LIVE\Source\HackVerify\HackVerify\Debug\link.write.1.tlog
A:\_Project____\_MU___\AntiHackMU\TRONG.LIVE\Source\HackVerify\HackVerify\Debug\link-cvtres.read.1.tlog
A:\_Project____\_MU___\AntiHackMU\TRONG.LIVE\Source\HackVerify\HackVerify\Debug\link-cvtres.write.1.tlog
A:\_Project____\_MU___\AntiHackMU\TRONG.LIVE\Source\HackVerify\HackVerify\Debug\mt.command.1.tlog
A:\_Project____\_MU___\AntiHackMU\TRONG.LIVE\Source\HackVerify\HackVerify\Debug\mt.read.1.tlog
A:\_Project____\_MU___\AntiHackMU\TRONG.LIVE\Source\HackVerify\HackVerify\Debug\mt.write.1.tlog
A:\_Project____\_MU___\AntiHackMU\TRONG.LIVE\Source\HackVerify\HackVerify\Debug\rc.command.1.tlog
A:\_Project____\_MU___\AntiHackMU\TRONG.LIVE\Source\HackVerify\HackVerify\Debug\rc.read.1.tlog
A:\_Project____\_MU___\AntiHackMU\TRONG.LIVE\Source\HackVerify\HackVerify\Debug\rc.write.1.tlog
A:\_Project____\_MU___\AntiHackMU\TRONG.LIVE\Source\HackVerify\HackVerify\Debug\stdafx.obj
A:\_Project____\_MU___\AntiHackMU\TRONG.LIVE\Source\HackVerify\HackVerify\Debug\vc100.idb
A:\_Project____\_MU___\AntiHackMU\TRONG.LIVE\Source\HackVerify\HackVerify\Debug\vc100.pdb
A:\_Project____\_MU___\AntiHackMU\TRONG.LIVE\Source\HackVerify\HackVerify\Debug\zVerify.dll.embed.manifest
A:\_Project____\_MU___\AntiHackMU\TRONG.LIVE\Source\HackVerify\HackVerify\Debug\zVerify.dll.embed.manifest.res
A:\_Project____\_MU___\AntiHackMU\TRONG.LIVE\Source\HackVerify\HackVerify\Debug\zVerify.dll.intermediate.manifest
A:\_Project____\_MU___\AntiHackMU\TRONG.LIVE\Source\HackVerify\HackVerify\Debug\zVerify.pch
A:\_Project____\_MU___\AntiHackMU\TRONG.LIVE\Source\HackVerify\HackVerify\Debug\zVerify_manifest.rc
