A:\_PROJECT____\_MU___\ANTIHACKMU\MHP_ANTIHACK\SOURCE\DEBUG\GETHACKLIST.EXE
A:\_PROJECT____\_MU___\ANTIHACKMU\MHP_ANTIHACK\SOURCE\DEBUG\GETHACKLIST.ILK
A:\_PROJECT____\_MU___\ANTIHACKMU\MHP_ANTIHACK\SOURCE\DEBUG\GETHACKLIST.PDB
A:\_PROJECT____\_MU___\ANTIHACKMU\MHP_ANTIHACK\SOURCE\GETHACKLIST\GETHACKLIST\DEBUG\CRC32.OBJ
A:\_PROJECT____\_MU___\ANTIHACKMU\MHP_ANTIHACK\SOURCE\GETHACKLIST\GETHACKLIST\DEBUG\FILEPROTECT.OBJ
A:\_PROJECT____\_MU___\ANTIHACKMU\MHP_ANTIHACK\SOURCE\GETHACKLIST\GETHACKLIST\DEBUG\GETHACKLIST.EXE.EMBED.MANIFEST
A:\_PROJECT____\_MU___\ANTIHACKMU\MHP_ANTIHACK\SOURCE\GETHACKLIST\GETHACKLIST\DEBUG\GETHACKLIST.EXE.EMBED.MANIFEST.RES
A:\_PROJECT____\_MU___\ANTIHACKMU\MHP_ANTIHACK\SOURCE\GETHACKLIST\GETHACKLIST\DEBUG\GETHACKLIST.EXE.INTERMEDIATE.MANIFEST
A:\_PROJECT____\_MU___\ANTIHACKMU\MHP_ANTIHACK\SOURCE\GETHACKLIST\GETHACKLIST\DEBUG\GETHACKLIST.OBJ
A:\_PROJECT____\_MU___\ANTIHACKMU\MHP_ANTIHACK\SOURCE\GETHACKLIST\GETHACKLIST\DEBUG\GETHACKLIST.PCH
A:\_PROJECT____\_MU___\ANTIHACKMU\MHP_ANTIHACK\SOURCE\GETHACKLIST\GETHACKLIST\DEBUG\GETHACKLIST.RES
A:\_PROJECT____\_MU___\ANTIHACKMU\MHP_ANTIHACK\SOURCE\GETHACKLIST\GETHACKLIST\DEBUG\STDAFX.OBJ
A:\_PROJECT____\_MU___\ANTIHACKMU\MHP_ANTIHACK\SOURCE\GETHACKLIST\GETHACKLIST\DEBUG\VC100.PDB
A:\_Project____\_MU___\AntiHackMU\TRONG.LIVE\Source\GetHackList\GetHackList\Debug\cl.command.1.tlog
A:\_Project____\_MU___\AntiHackMU\TRONG.LIVE\Source\GetHackList\GetHackList\Debug\CL.read.1.tlog
A:\_Project____\_MU___\AntiHackMU\TRONG.LIVE\Source\GetHackList\GetHackList\Debug\CL.write.1.tlog
A:\_Project____\_MU___\AntiHackMU\TRONG.LIVE\Source\GetHackList\GetHackList\Debug\CRC32.obj
A:\_Project____\_MU___\AntiHackMU\TRONG.LIVE\Source\GetHackList\GetHackList\Debug\FileProtect.obj
A:\_Project____\_MU___\AntiHackMU\TRONG.LIVE\Source\GetHackList\GetHackList\Debug\GetHackList.exe.embed.manifest
A:\_Project____\_MU___\AntiHackMU\TRONG.LIVE\Source\GetHackList\GetHackList\Debug\GetHackList.exe.embed.manifest.res
A:\_Project____\_MU___\AntiHackMU\TRONG.LIVE\Source\GetHackList\GetHackList\Debug\GetHackList.exe.intermediate.manifest
A:\_Project____\_MU___\AntiHackMU\TRONG.LIVE\Source\GetHackList\GetHackList\Debug\GetHackList.obj
A:\_Project____\_MU___\AntiHackMU\TRONG.LIVE\Source\GetHackList\GetHackList\Debug\GetHackList.pch
A:\_Project____\_MU___\AntiHackMU\TRONG.LIVE\Source\GetHackList\GetHackList\Debug\GetHackList.res
A:\_Project____\_MU___\AntiHackMU\TRONG.LIVE\Source\GetHackList\GetHackList\Debug\GetHackList.write.1.tlog
A:\_Project____\_MU___\AntiHackMU\TRONG.LIVE\Source\GetHackList\GetHackList\Debug\GetHackList_manifest.rc
A:\_Project____\_MU___\AntiHackMU\TRONG.LIVE\Source\GetHackList\GetHackList\Debug\link.command.1.tlog
A:\_Project____\_MU___\AntiHackMU\TRONG.LIVE\Source\GetHackList\GetHackList\Debug\link.read.1.tlog
A:\_Project____\_MU___\AntiHackMU\TRONG.LIVE\Source\GetHackList\GetHackList\Debug\link.write.1.tlog
A:\_Project____\_MU___\AntiHackMU\TRONG.LIVE\Source\GetHackList\GetHackList\Debug\link-cvtres.read.1.tlog
A:\_Project____\_MU___\AntiHackMU\TRONG.LIVE\Source\GetHackList\GetHackList\Debug\link-cvtres.write.1.tlog
A:\_Project____\_MU___\AntiHackMU\TRONG.LIVE\Source\GetHackList\GetHackList\Debug\mt.command.1.tlog
A:\_Project____\_MU___\AntiHackMU\TRONG.LIVE\Source\GetHackList\GetHackList\Debug\mt.read.1.tlog
A:\_Project____\_MU___\AntiHackMU\TRONG.LIVE\Source\GetHackList\GetHackList\Debug\mt.write.1.tlog
A:\_Project____\_MU___\AntiHackMU\TRONG.LIVE\Source\GetHackList\GetHackList\Debug\rc.command.1.tlog
A:\_Project____\_MU___\AntiHackMU\TRONG.LIVE\Source\GetHackList\GetHackList\Debug\rc.read.1.tlog
A:\_Project____\_MU___\AntiHackMU\TRONG.LIVE\Source\GetHackList\GetHackList\Debug\rc.write.1.tlog
A:\_Project____\_MU___\AntiHackMU\TRONG.LIVE\Source\GetHackList\GetHackList\Debug\stdafx.obj
A:\_Project____\_MU___\AntiHackMU\TRONG.LIVE\Source\GetHackList\GetHackList\Debug\vc100.idb
A:\_Project____\_MU___\AntiHackMU\TRONG.LIVE\Source\GetHackList\GetHackList\Debug\vc100.pdb
